[  165685ms] [WARNING] The AudioContext was not allowed to start. It must be resumed (or created) after a user gesture on the page. https://developer.chrome.com/blog/autoplay/#web_audio @ http://localhost:3000/_next/static/chunks/677-278b447e0c5ed17c.js:0
[  165701ms] [WARNING] The AudioContext was not allowed to start. It must be resumed (or created) after a user gesture on the page. https://developer.chrome.com/blog/autoplay/#web_audio @ http://localhost:3000/_next/static/chunks/677-278b447e0c5ed17c.js:0
[  221329ms] [WARNING] The AudioContext was not allowed to start. It must be resumed (or created) after a user gesture on the page. https://developer.chrome.com/blog/autoplay/#web_audio @ http://localhost:3000/_next/static/chunks/677-278b447e0c5ed17c.js:0
[  221330ms] [WARNING] The AudioContext was not allowed to start. It must be resumed (or created) after a user gesture on the page. https://developer.chrome.com/blog/autoplay/#web_audio @ http://localhost:3000/_next/static/chunks/677-278b447e0c5ed17c.js:0
[  265123ms] [WARNING] The AudioContext was not allowed to start. It must be resumed (or created) after a user gesture on the page. https://developer.chrome.com/blog/autoplay/#web_audio @ http://localhost:3000/_next/static/chunks/677-278b447e0c5ed17c.js:0
[  265126ms] [WARNING] The AudioContext was not allowed to start. It must be resumed (or created) after a user gesture on the page. https://developer.chrome.com/blog/autoplay/#web_audio @ http://localhost:3000/_next/static/chunks/677-278b447e0c5ed17c.js:0
[  297071ms] [WARNING] The AudioContext was not allowed to start. It must be resumed (or created) after a user gesture on the page. https://developer.chrome.com/blog/autoplay/#web_audio @ http://localhost:3000/_next/static/chunks/677-278b447e0c5ed17c.js:0
[  297071ms] [WARNING] The AudioContext was not allowed to start. It must be resumed (or created) after a user gesture on the page. https://developer.chrome.com/blog/autoplay/#web_audio @ http://localhost:3000/_next/static/chunks/677-278b447e0c5ed17c.js:0
[  322257ms] [WARNING] The AudioContext was not allowed to start. It must be resumed (or created) after a user gesture on the page. https://developer.chrome.com/blog/autoplay/#web_audio @ http://localhost:3000/_next/static/chunks/677-278b447e0c5ed17c.js:0
[  322258ms] [WARNING] The AudioContext was not allowed to start. It must be resumed (or created) after a user gesture on the page. https://developer.chrome.com/blog/autoplay/#web_audio @ http://localhost:3000/_next/static/chunks/677-278b447e0c5ed17c.js:0
[  350349ms] [WARNING] The AudioContext was not allowed to start. It must be resumed (or created) after a user gesture on the page. https://developer.chrome.com/blog/autoplay/#web_audio @ http://localhost:3000/_next/static/chunks/677-278b447e0c5ed17c.js:0
[  350351ms] [WARNING] The AudioContext was not allowed to start. It must be resumed (or created) after a user gesture on the page. https://developer.chrome.com/blog/autoplay/#web_audio @ http://localhost:3000/_next/static/chunks/677-278b447e0c5ed17c.js:0
[  375664ms] [WARNING] The AudioContext was not allowed to start. It must be resumed (or created) after a user gesture on the page. https://developer.chrome.com/blog/autoplay/#web_audio @ http://localhost:3000/_next/static/chunks/677-278b447e0c5ed17c.js:0
[  375673ms] [WARNING] The AudioContext was not allowed to start. It must be resumed (or created) after a user gesture on the page. https://developer.chrome.com/blog/autoplay/#web_audio @ http://localhost:3000/_next/static/chunks/677-278b447e0c5ed17c.js:0
[  420492ms] [WARNING] The AudioContext was not allowed to start. It must be resumed (or created) after a user gesture on the page. https://developer.chrome.com/blog/autoplay/#web_audio @ http://localhost:3000/_next/static/chunks/677-278b447e0c5ed17c.js:0
[  420495ms] [WARNING] The AudioContext was not allowed to start. It must be resumed (or created) after a user gesture on the page. https://developer.chrome.com/blog/autoplay/#web_audio @ http://localhost:3000/_next/static/chunks/677-278b447e0c5ed17c.js:0
[  445501ms] [WARNING] The AudioContext was not allowed to start. It must be resumed (or created) after a user gesture on the page. https://developer.chrome.com/blog/autoplay/#web_audio @ http://localhost:3000/_next/static/chunks/677-278b447e0c5ed17c.js:0
[  445502ms] [WARNING] The AudioContext was not allowed to start. It must be resumed (or created) after a user gesture on the page. https://developer.chrome.com/blog/autoplay/#web_audio @ http://localhost:3000/_next/static/chunks/677-278b447e0c5ed17c.js:0
[  470516ms] [WARNING] The AudioContext was not allowed to start. It must be resumed (or created) after a user gesture on the page. https://developer.chrome.com/blog/autoplay/#web_audio @ http://localhost:3000/_next/static/chunks/677-278b447e0c5ed17c.js:0
[  470519ms] [WARNING] The AudioContext was not allowed to start. It must be resumed (or created) after a user gesture on the page. https://developer.chrome.com/blog/autoplay/#web_audio @ http://localhost:3000/_next/static/chunks/677-278b447e0c5ed17c.js:0
[  495520ms] [WARNING] The AudioContext was not allowed to start. It must be resumed (or created) after a user gesture on the page. https://developer.chrome.com/blog/autoplay/#web_audio @ http://localhost:3000/_next/static/chunks/677-278b447e0c5ed17c.js:0
[  495521ms] [WARNING] The AudioContext was not allowed to start. It must be resumed (or created) after a user gesture on the page. https://developer.chrome.com/blog/autoplay/#web_audio @ http://localhost:3000/_next/static/chunks/677-278b447e0c5ed17c.js:0
[  521298ms] [WARNING] The AudioContext was not allowed to start. It must be resumed (or created) after a user gesture on the page. https://developer.chrome.com/blog/autoplay/#web_audio @ http://localhost:3000/_next/static/chunks/677-278b447e0c5ed17c.js:0
[  521298ms] [WARNING] The AudioContext was not allowed to start. It must be resumed (or created) after a user gesture on the page. https://developer.chrome.com/blog/autoplay/#web_audio @ http://localhost:3000/_next/static/chunks/677-278b447e0c5ed17c.js:0
[ 1328460ms] [WARNING] The AudioContext was not allowed to start. It must be resumed (or created) after a user gesture on the page. https://developer.chrome.com/blog/autoplay/#web_audio @ http://localhost:3000/_next/static/chunks/677-278b447e0c5ed17c.js:0
[ 1328476ms] [WARNING] The AudioContext was not allowed to start. It must be resumed (or created) after a user gesture on the page. https://developer.chrome.com/blog/autoplay/#web_audio @ http://localhost:3000/_next/static/chunks/677-278b447e0c5ed17c.js:0
[ 1328750ms] [WARNING] The AudioContext was not allowed to start. It must be resumed (or created) after a user gesture on the page. https://developer.chrome.com/blog/autoplay/#web_audio @ http://localhost:3000/_next/static/chunks/677-278b447e0c5ed17c.js:0
[ 1328751ms] [WARNING] The AudioContext was not allowed to start. It must be resumed (or created) after a user gesture on the page. https://developer.chrome.com/blog/autoplay/#web_audio @ http://localhost:3000/_next/static/chunks/677-278b447e0c5ed17c.js:0
[ 1353762ms] [WARNING] The AudioContext was not allowed to start. It must be resumed (or created) after a user gesture on the page. https://developer.chrome.com/blog/autoplay/#web_audio @ http://localhost:3000/_next/static/chunks/677-278b447e0c5ed17c.js:0
[ 1353762ms] [WARNING] The AudioContext was not allowed to start. It must be resumed (or created) after a user gesture on the page. https://developer.chrome.com/blog/autoplay/#web_audio @ http://localhost:3000/_next/static/chunks/677-278b447e0c5ed17c.js:0
[ 1378768ms] [WARNING] The AudioContext was not allowed to start. It must be resumed (or created) after a user gesture on the page. https://developer.chrome.com/blog/autoplay/#web_audio @ http://localhost:3000/_next/static/chunks/677-278b447e0c5ed17c.js:0
[ 1378769ms] [WARNING] The AudioContext was not allowed to start. It must be resumed (or created) after a user gesture on the page. https://developer.chrome.com/blog/autoplay/#web_audio @ http://localhost:3000/_next/static/chunks/677-278b447e0c5ed17c.js:0
[ 1403776ms] [WARNING] The AudioContext was not allowed to start. It must be resumed (or created) after a user gesture on the page. https://developer.chrome.com/blog/autoplay/#web_audio @ http://localhost:3000/_next/static/chunks/677-278b447e0c5ed17c.js:0
[ 1403776ms] [WARNING] The AudioContext was not allowed to start. It must be resumed (or created) after a user gesture on the page. https://developer.chrome.com/blog/autoplay/#web_audio @ http://localhost:3000/_next/static/chunks/677-278b447e0c5ed17c.js:0
[ 1408037ms] [WARNING] The AudioContext was not allowed to start. It must be resumed (or created) after a user gesture on the page. https://developer.chrome.com/blog/autoplay/#web_audio @ http://localhost:3000/_next/static/chunks/677-278b447e0c5ed17c.js:0
[ 1408039ms] [WARNING] The AudioContext was not allowed to start. It must be resumed (or created) after a user gesture on the page. https://developer.chrome.com/blog/autoplay/#web_audio @ http://localhost:3000/_next/static/chunks/677-278b447e0c5ed17c.js:0
[ 1408147ms] [WARNING] The AudioContext was not allowed to start. It must be resumed (or created) after a user gesture on the page. https://developer.chrome.com/blog/autoplay/#web_audio @ http://localhost:3000/_next/static/chunks/677-278b447e0c5ed17c.js:0
[ 1408147ms] [WARNING] The AudioContext was not allowed to start. It must be resumed (or created) after a user gesture on the page. https://developer.chrome.com/blog/autoplay/#web_audio @ http://localhost:3000/_next/static/chunks/677-278b447e0c5ed17c.js:0
[ 1428787ms] [WARNING] The AudioContext was not allowed to start. It must be resumed (or created) after a user gesture on the page. https://developer.chrome.com/blog/autoplay/#web_audio @ http://localhost:3000/_next/static/chunks/677-278b447e0c5ed17c.js:0
[ 1428787ms] [WARNING] The AudioContext was not allowed to start. It must be resumed (or created) after a user gesture on the page. https://developer.chrome.com/blog/autoplay/#web_audio @ http://localhost:3000/_next/static/chunks/677-278b447e0c5ed17c.js:0
[ 1453802ms] [WARNING] The AudioContext was not allowed to start. It must be resumed (or created) after a user gesture on the page. https://developer.chrome.com/blog/autoplay/#web_audio @ http://localhost:3000/_next/static/chunks/677-278b447e0c5ed17c.js:0
[ 1453802ms] [WARNING] The AudioContext was not allowed to start. It must be resumed (or created) after a user gesture on the page. https://developer.chrome.com/blog/autoplay/#web_audio @ http://localhost:3000/_next/static/chunks/677-278b447e0c5ed17c.js:0
[ 1461106ms] [WARNING] The AudioContext was not allowed to start. It must be resumed (or created) after a user gesture on the page. https://developer.chrome.com/blog/autoplay/#web_audio @ http://localhost:3000/_next/static/chunks/677-278b447e0c5ed17c.js:0
[ 1461107ms] [WARNING] The AudioContext was not allowed to start. It must be resumed (or created) after a user gesture on the page. https://developer.chrome.com/blog/autoplay/#web_audio @ http://localhost:3000/_next/static/chunks/677-278b447e0c5ed17c.js:0
[ 1461107ms] [WARNING] The AudioContext was not allowed to start. It must be resumed (or created) after a user gesture on the page. https://developer.chrome.com/blog/autoplay/#web_audio @ http://localhost:3000/_next/static/chunks/677-278b447e0c5ed17c.js:0
[ 1461108ms] [WARNING] The AudioContext was not allowed to start. It must be resumed (or created) after a user gesture on the page. https://developer.chrome.com/blog/autoplay/#web_audio @ http://localhost:3000/_next/static/chunks/677-278b447e0c5ed17c.js:0
[ 1461146ms] [WARNING] The AudioContext was not allowed to start. It must be resumed (or created) after a user gesture on the page. https://developer.chrome.com/blog/autoplay/#web_audio @ http://localhost:3000/_next/static/chunks/677-278b447e0c5ed17c.js:0
[ 1461147ms] [WARNING] The AudioContext was not allowed to start. It must be resumed (or created) after a user gesture on the page. https://developer.chrome.com/blog/autoplay/#web_audio @ http://localhost:3000/_next/static/chunks/677-278b447e0c5ed17c.js:0
[ 1461303ms] [ERROR] Failed to load resource: net::ERR_NAME_NOT_RESOLVED @ https://example.supabase.co/rest/v1/trade_logs?select=*&strategy_id=eq.hull-ha-gold-buy&pnl=not.is.null&order=timestamp.desc:0
[ 1461431ms] [ERROR] Failed to load resource: net::ERR_NAME_NOT_RESOLVED @ https://example.supabase.co/rest/v1/trade_logs?columns=%22strategy_id%22%2C%22symbol%22%2C%22type%22%2C%22entry_price%22%2C%22lot_size%22%2C%22volatility%22%2C%22session%22%2C%22indicators%22%2C%22timestamp%22&select=*:0
[ 1461432ms] [ERROR] [TradeLogger] Error logging entry: {
  "message": "TypeError: Failed to fetch",
  "details": "TypeError: Failed to fetch\n    at fetch.s (http://localhost:3000/_next/static/chunks/838-300f9ee9ac02efbe.js:37:48403)\n    at http://localhost:3000/_next/static/chunks/838-300f9ee9ac02efbe.js:37:48618\n    at async rd.logEntry (http://localhost:3000/_next/static/chunks/app/page-23a407fc79c62ed2.js:77:155034)\n    at async http://localhost:3000/_next/static/chunks/app/page-23a407fc79c62ed2.js:77:166405",
  "hint": "",
  "code": ""
} @ http://localhost:3000/_next/static/chunks/app/page-23a407fc79c62ed2.js:76
[ 1461432ms] [ERROR] Signal Data: {
  "type": "BUY",
  "symbol": "XAUUSDm",
  "strategyId": "hull-ha-gold-buy",
  "timestamp": 1772008440415,
  "price": 5194.46,
  "risk": {
    "sl": {
      "mode": "candle",
      "candleField": "low",
      "candleOffset": 1,
      "offset": 0
    },
    "trailing": true,
    "slSource": "HA_Low",
    "trailingSource": "HA_Low",
    "lotSize": 0.1
  },
  "context": {
    "session": "London",
    "volatility_atr": 1.4688571428571646,
    "spread_at_entry": 0,
    "indicators_snapshot": {
      "RSI[14]": 65.63031359125486
    },
    "mtf": {
      "h1_trend": "SIDEWAYS",
      "h1_rsi": 50
    },
    "volume_analysis": {
      "value": 0,
      "relative_to_avg": 0,
      "is_climax": false
    }
  },
  "confidence": 60,
  "aiAnalysis": null
} @ http://localhost:3000/_next/static/chunks/app/page-23a407fc79c62ed2.js:76
