
> vivutrade@0.1.0 dev:3010
> next dev --port 3010

▲ Next.js 16.1.6 (Turbopack)
- Local:         http://localhost:3010
- Network:       http://192.168.1.13:3010
- Environments: .env

✓ Starting...
✓ Ready in 6.4s
○ Compiling /[locale]/chart ...
 GET /manifest.webmanifest 200 in 216ms (compile: 195ms, render: 21ms)
 GET /en/chart 200 in 8.2s (compile: 6.4s, proxy.ts: 551ms, render: 1232ms)
 GET /api/auth/google-config 200 in 296ms (compile: 280ms, render: 16ms)
 GET /api/auth/google-config 200 in 298ms (compile: 287ms, render: 11ms)
 POST /api/auth/refresh 401 in 1584ms (compile: 1184ms, render: 400ms)
 GET /api/user/state/public?client_id=0321175d-caa7-4f20-8ace-797842dc5ea4 200 in 399ms (compile: 48ms, render: 351ms)
 PUT /api/user/state/public?client_id=0321175d-caa7-4f20-8ace-797842dc5ea4 200 in 2.8s (compile: 39ms, render: 2.7s)
 PUT /api/user/state/public?client_id=0321175d-caa7-4f20-8ace-797842dc5ea4 200 in 830ms (compile: 19ms, render: 811ms)
 GET /en/chart 200 in 1330ms (compile: 432ms, proxy.ts: 57ms, render: 840ms)
 POST /api/auth/refresh 401 in 658ms (compile: 77ms, render: 581ms)
 GET /api/auth/google-config 200 in 90ms (compile: 36ms, render: 54ms)
 GET /api/auth/google-config 200 in 163ms (compile: 101ms, render: 62ms)
 GET /api/user/state/public?client_id=96757cd0-18e9-4b2e-a454-e4b8f1ca185f 200 in 817ms (compile: 15ms, render: 802ms)
 POST /api/auth/refresh 401 in 647ms (compile: 228ms, render: 419ms)
 PUT /api/user/state/public?client_id=0321175d-caa7-4f20-8ace-797842dc5ea4 200 in 1315ms (compile: 52ms, render: 1263ms)
 PUT /api/user/state/public?client_id=0321175d-caa7-4f20-8ace-797842dc5ea4 200 in 829ms (compile: 152ms, render: 677ms)
 PUT /api/user/state/public?client_id=96757cd0-18e9-4b2e-a454-e4b8f1ca185f 200 in 1684ms (compile: 54ms, render: 1630ms)
 PUT /api/user/state/public?client_id=96757cd0-18e9-4b2e-a454-e4b8f1ca185f 200 in 862ms (compile: 94ms, render: 768ms)
 PUT /api/user/state/public?client_id=96757cd0-18e9-4b2e-a454-e4b8f1ca185f 200 in 1368ms (compile: 46ms, render: 1322ms)
 PUT /api/user/state/public?client_id=96757cd0-18e9-4b2e-a454-e4b8f1ca185f 200 in 1338ms (compile: 165ms, render: 1172ms)
 PUT /api/user/state/public?client_id=96757cd0-18e9-4b2e-a454-e4b8f1ca185f 200 in 1540ms (compile: 258ms, render: 1281ms)
 PUT /api/user/state/public?client_id=0321175d-caa7-4f20-8ace-797842dc5ea4 200 in 884ms (compile: 76ms, render: 808ms)
 PUT /api/user/state/public?client_id=0321175d-caa7-4f20-8ace-797842dc5ea4 200 in 1301ms (compile: 48ms, render: 1253ms)
 POST /api/telegram/signal 503 in 897ms (compile: 823ms, render: 75ms)
 PATCH /api/user/trade-logs/public 404 in 979ms (compile: 116ms, render: 863ms)
 PUT /api/user/state/public?client_id=0321175d-caa7-4f20-8ace-797842dc5ea4 200 in 1134ms (compile: 135ms, render: 999ms)
 PUT /api/user/state/public?client_id=0321175d-caa7-4f20-8ace-797842dc5ea4 200 in 1970ms (compile: 71ms, render: 1900ms)
 GET /en/chart 200 in 2.4s (compile: 262ms, proxy.ts: 379ms, render: 1726ms)
 GET /manifest.webmanifest 200 in 123ms (compile: 90ms, render: 32ms)
 GET /api/auth/google-config 200 in 95ms (compile: 64ms, render: 30ms)
 GET /api/auth/google-config 200 in 112ms (compile: 97ms, render: 15ms)
 POST /api/auth/refresh 401 in 1828ms (compile: 97ms, render: 1730ms)
 GET /api/user/state/public?client_id=0321175d-caa7-4f20-8ace-797842dc5ea4 200 in 1435ms (compile: 48ms, render: 1387ms)
 PUT /api/user/state/public?client_id=0321175d-caa7-4f20-8ace-797842dc5ea4 200 in 3.1s (compile: 133ms, render: 3.0s)
 PUT /api/user/state/public?client_id=96757cd0-18e9-4b2e-a454-e4b8f1ca185f 200 in 1170ms (compile: 17ms, render: 1153ms)
 PUT /api/user/state/public?client_id=0321175d-caa7-4f20-8ace-797842dc5ea4 200 in 1224ms (compile: 119ms, render: 1106ms)
 PUT /api/user/state/public?client_id=96757cd0-18e9-4b2e-a454-e4b8f1ca185f 200 in 3.2s (compile: 130ms, render: 3.1s)
 GET /manifest.webmanifest 200 in 148ms (compile: 74ms, render: 74ms)
 GET /en/chart/default?symbol=BTCUSDT&interval=1&source=BINANCE 200 in 13.1s (compile: 8.6s, proxy.ts: 172ms, render: 4.3s)
 GET /manifest.webmanifest 200 in 170ms (compile: 144ms, render: 27ms)
 GET /en/chart/default?symbol=XAUUSDm&interval=1&source=MT5 200 in 1980ms (compile: 164ms, proxy.ts: 64ms, render: 1752ms)
 GET /manifest.webmanifest 200 in 204ms (compile: 170ms, render: 34ms)
 GET /en/chart 200 in 2.0s (compile: 128ms, proxy.ts: 117ms, render: 1795ms)
 GET /api/auth/google-config 200 in 42ms (compile: 20ms, render: 22ms)
 GET /api/auth/google-config 200 in 59ms (compile: 46ms, render: 13ms)
 POST /api/auth/refresh 401 in 839ms (compile: 78ms, render: 761ms)
 GET /api/user/state/public?client_id=0321175d-caa7-4f20-8ace-797842dc5ea4 200 in 1264ms (compile: 133ms, render: 1131ms)
 PUT /api/user/state/public?client_id=96757cd0-18e9-4b2e-a454-e4b8f1ca185f 200 in 1854ms (compile: 26ms, render: 1828ms)
 PUT /api/user/state/public?client_id=96757cd0-18e9-4b2e-a454-e4b8f1ca185f 200 in 1056ms (compile: 75ms, render: 980ms)
 POST /api/telegram/signal 503 in 56ms (compile: 18ms, render: 38ms)
 PATCH /api/user/trade-logs/public 404 in 963ms (compile: 65ms, render: 899ms)
 PUT /api/user/state/public?client_id=0321175d-caa7-4f20-8ace-797842dc5ea4 200 in 1863ms (compile: 35ms, render: 1828ms)
 PUT /api/user/state/public?client_id=0321175d-caa7-4f20-8ace-797842dc5ea4 200 in 1657ms (compile: 33ms, render: 1624ms)
 PUT /api/user/state/public?client_id=96757cd0-18e9-4b2e-a454-e4b8f1ca185f 200 in 749ms (compile: 37ms, render: 711ms)
 PUT /api/user/state/public?client_id=0321175d-caa7-4f20-8ace-797842dc5ea4 200 in 796ms (compile: 16ms, render: 780ms)
 PUT /api/user/state/public?client_id=96757cd0-18e9-4b2e-a454-e4b8f1ca185f 200 in 739ms (compile: 57ms, render: 683ms)
 PUT /api/user/state/public?client_id=0321175d-caa7-4f20-8ace-797842dc5ea4 200 in 1702ms (compile: 74ms, render: 1628ms)
 PUT /api/user/state/public?client_id=0321175d-caa7-4f20-8ace-797842dc5ea4 200 in 1981ms (compile: 322ms, render: 1659ms)
 PUT /api/user/state/public?client_id=96757cd0-18e9-4b2e-a454-e4b8f1ca185f 200 in 3.5s (compile: 329ms, render: 3.2s)
 PUT /api/user/state/public?client_id=96757cd0-18e9-4b2e-a454-e4b8f1ca185f 200 in 1070ms (compile: 80ms, render: 990ms)
 POST /api/telegram/signal 503 in 162ms (compile: 122ms, render: 39ms)
 PATCH /api/user/trade-logs/public 404 in 604ms (compile: 80ms, render: 523ms)
 PUT /api/user/state/public?client_id=0321175d-caa7-4f20-8ace-797842dc5ea4 200 in 2.8s (compile: 316ms, render: 2.5s)
 PUT /api/user/state/public?client_id=0321175d-caa7-4f20-8ace-797842dc5ea4 200 in 1384ms (compile: 123ms, render: 1260ms)
 POST /api/telegram/signal 503 in 98ms (compile: 69ms, render: 29ms)
 PATCH /api/user/trade-logs/public 404 in 1011ms (compile: 18ms, render: 993ms)
 PUT /api/user/state/public?client_id=96757cd0-18e9-4b2e-a454-e4b8f1ca185f 200 in 3.7s (compile: 484ms, render: 3.2s)
 PUT /api/user/state/public?client_id=96757cd0-18e9-4b2e-a454-e4b8f1ca185f 200 in 1789ms (compile: 127ms, render: 1661ms)
 PUT /api/user/state/public?client_id=0321175d-caa7-4f20-8ace-797842dc5ea4 200 in 1057ms (compile: 35ms, render: 1022ms)
 PUT /api/user/state/public?client_id=0321175d-caa7-4f20-8ace-797842dc5ea4 200 in 1228ms (compile: 92ms, render: 1136ms)
 POST /api/telegram/signal 503 in 72ms (compile: 34ms, render: 38ms)
 PATCH /api/user/trade-logs/public 404 in 800ms (compile: 207ms, render: 594ms)
 PUT /api/user/state/public?client_id=0321175d-caa7-4f20-8ace-797842dc5ea4 200 in 725ms (compile: 52ms, render: 674ms)
 PUT /api/user/state/public?client_id=0321175d-caa7-4f20-8ace-797842dc5ea4 200 in 2.3s (compile: 250ms, render: 2.0s)
 PUT /api/user/state/public?client_id=0321175d-caa7-4f20-8ace-797842dc5ea4 200 in 1273ms (compile: 152ms, render: 1120ms)
 PUT /api/user/state/public?client_id=0321175d-caa7-4f20-8ace-797842dc5ea4 200 in 818ms (compile: 18ms, render: 800ms)
 PUT /api/user/state/public?client_id=96757cd0-18e9-4b2e-a454-e4b8f1ca185f 200 in 1656ms (compile: 95ms, render: 1561ms)
 PUT /api/user/state/public?client_id=96757cd0-18e9-4b2e-a454-e4b8f1ca185f 200 in 1441ms (compile: 78ms, render: 1363ms)
 PUT /api/user/state/public?client_id=0321175d-caa7-4f20-8ace-797842dc5ea4 200 in 1118ms (compile: 107ms, render: 1012ms)
 PUT /api/user/state/public?client_id=0321175d-caa7-4f20-8ace-797842dc5ea4 200 in 1228ms (compile: 215ms, render: 1013ms)
 PUT /api/user/state/public?client_id=0321175d-caa7-4f20-8ace-797842dc5ea4 200 in 1634ms (compile: 87ms, render: 1548ms)
✓ Compiled in 2.7s
 POST /api/telegram/signal 503 in 332ms (compile: 296ms, render: 35ms)
 PUT /api/user/state/public?client_id=0321175d-caa7-4f20-8ace-797842dc5ea4 200 in 3.3s (compile: 127ms, render: 3.2s)
 PATCH /api/user/trade-logs/public 200 in 3.7s (compile: 334ms, render: 3.3s)
 GET /manifest.webmanifest 200 in 155ms (compile: 126ms, render: 30ms)
 POST /api/auth/refresh 401 in 470ms (compile: 200ms, render: 270ms)
 GET /en/chart 200 in 6.4s (compile: 1029ms, proxy.ts: 394ms, render: 5.0s)
 GET /en/chart 200 in 6.1s (compile: 1499ms, proxy.ts: 418ms, render: 4.2s)
 PUT /api/user/state/public?client_id=96757cd0-18e9-4b2e-a454-e4b8f1ca185f 200 in 873ms (compile: 173ms, render: 700ms)
 GET /api/auth/google-config 200 in 73ms (compile: 65ms, render: 8ms)
 GET /api/auth/google-config 200 in 29ms (compile: 19ms, render: 10ms)
 POST /api/auth/refresh 401 in 240ms (compile: 49ms, render: 191ms)
 POST /api/auth/refresh 401 in 217ms (compile: 24ms, render: 192ms)
 GET /api/auth/google-config 200 in 44ms (compile: 33ms, render: 11ms)
 GET /api/auth/google-config 200 in 61ms (compile: 42ms, render: 19ms)
 GET /api/user/state/public?client_id=0321175d-caa7-4f20-8ace-797842dc5ea4 200 in 543ms (compile: 13ms, render: 530ms)
 GET /api/user/state/public?client_id=96757cd0-18e9-4b2e-a454-e4b8f1ca185f 200 in 604ms (compile: 26ms, render: 577ms)
✓ Compiled in 1943ms
 GET /manifest.webmanifest 200 in 140ms (compile: 91ms, render: 49ms)
 GET /en/chart 200 in 4.9s (compile: 440ms, proxy.ts: 314ms, render: 4.2s)
 GET /en/chart 200 in 4.6s (compile: 1535ms, proxy.ts: 235ms, render: 2.9s)
 GET /api/auth/google-config 200 in 47ms (compile: 30ms, render: 16ms)
 GET /api/auth/google-config 200 in 53ms (compile: 37ms, render: 16ms)
 POST /api/auth/refresh 401 in 459ms (compile: 30ms, render: 429ms)
 POST /api/auth/refresh 401 in 230ms (compile: 77ms, render: 154ms)
 POST /api/auth/refresh 401 in 486ms (compile: 24ms, render: 462ms)
 GET /api/auth/google-config 200 in 41ms (compile: 25ms, render: 16ms)
 GET /api/auth/google-config 200 in 59ms (compile: 51ms, render: 8ms)
 GET /api/user/state/public?client_id=0321175d-caa7-4f20-8ace-797842dc5ea4 200 in 532ms (compile: 14ms, render: 517ms)
 GET /api/user/state/public?client_id=96757cd0-18e9-4b2e-a454-e4b8f1ca185f 200 in 550ms (compile: 19ms, render: 531ms)
 PUT /api/user/state/public?client_id=96757cd0-18e9-4b2e-a454-e4b8f1ca185f 200 in 2.9s (compile: 191ms, render: 2.7s)
 PUT /api/user/state/public?client_id=0321175d-caa7-4f20-8ace-797842dc5ea4 200 in 3.0s (compile: 299ms, render: 2.7s)
 PUT /api/user/state/public?client_id=96757cd0-18e9-4b2e-a454-e4b8f1ca185f 200 in 2.0s (compile: 130ms, render: 1900ms)
 PUT /api/user/state/public?client_id=96757cd0-18e9-4b2e-a454-e4b8f1ca185f 200 in 1999ms (compile: 209ms, render: 1791ms)
 PUT /api/user/state/public?client_id=0321175d-caa7-4f20-8ace-797842dc5ea4 200 in 3.2s (compile: 335ms, render: 2.8s)
 POST /api/telegram/signal 503 in 212ms (compile: 118ms, render: 94ms)
 PATCH /api/user/trade-logs/public 404 in 704ms (compile: 74ms, render: 630ms)
 PUT /api/user/state/public?client_id=96757cd0-18e9-4b2e-a454-e4b8f1ca185f 200 in 1020ms (compile: 147ms, render: 873ms)
 PUT /api/user/state/public?client_id=0321175d-caa7-4f20-8ace-797842dc5ea4 200 in 2.4s (compile: 116ms, render: 2.3s)
 PUT /api/user/state/public?client_id=0321175d-caa7-4f20-8ace-797842dc5ea4 200 in 1070ms (compile: 74ms, render: 996ms)
 GET /manifest.webmanifest 200 in 191ms (compile: 129ms, render: 61ms)
 GET /en/chart/default?symbol=BTCUSDT&interval=1&source=BINANCE 200 in 6.6s (compile: 948ms, proxy.ts: 141ms, render: 5.5s)
 PUT /api/user/state/public?client_id=96757cd0-18e9-4b2e-a454-e4b8f1ca185f 200 in 1415ms (compile: 68ms, render: 1347ms)
 PUT /api/user/state/public?client_id=96757cd0-18e9-4b2e-a454-e4b8f1ca185f 200 in 907ms (compile: 61ms, render: 846ms)
 POST /api/auth/refresh 401 in 422ms (compile: 90ms, render: 332ms)
 GET /en/chart 200 in 571ms (compile: 64ms, proxy.ts: 23ms, render: 484ms)
 POST /api/auth/refresh 401 in 378ms (compile: 49ms, render: 329ms)
 POST /api/auth/refresh 401 in 139ms (compile: 6ms, render: 133ms)
 GET /api/auth/google-config 200 in 20ms (compile: 10ms, render: 9ms)
 GET /api/auth/google-config 200 in 26ms (compile: 19ms, render: 7ms)
 GET /api/user/state/public?client_id=96757cd0-18e9-4b2e-a454-e4b8f1ca185f 200 in 303ms (compile: 8ms, render: 295ms)
 PUT /api/user/state/public?client_id=96757cd0-18e9-4b2e-a454-e4b8f1ca185f 200 in 1892ms (compile: 31ms, render: 1861ms)
 POST /api/auth/refresh 401 in 772ms (compile: 28ms, render: 745ms)
 PUT /api/user/state/public?client_id=96757cd0-18e9-4b2e-a454-e4b8f1ca185f 200 in 1269ms (compile: 248ms, render: 1021ms)
